#-----------------------------------------------------------
# Vivado v2018.1 (64-bit)
# SW Build 2188600 on Wed Apr  4 18:40:38 MDT 2018
# IP Build 2185939 on Wed Apr  4 20:55:05 MDT 2018
# Start of session at: Wed Apr 25 15:23:45 2018
# Process ID: 1564
# Current directory: D:/Users/Francesco Corso/Documents/School/CMPEN270Final
# Command line: vivado.exe -gui_launcher_event rodinguilauncherevent14428 D:\Users\Francesco Corso\Documents\School\CMPEN270Final\MorseCode.xpr
# Log file: D:/Users/Francesco Corso/Documents/School/CMPEN270Final/vivado.log
# Journal file: D:/Users/Francesco Corso/Documents/School/CMPEN270Final\vivado.jou
#-----------------------------------------------------------
start_gui
open_project {D:/Users/Francesco Corso/Documents/School/CMPEN270Final/MorseCode.xpr}
update_compile_order -fileset sources_1
add_files -norecurse {{D:/Users/Francesco Corso/Documents/School/CMPEN270Final/MorseCode.srcs/sources_1/imports/sources/MUX.vhd}}
update_compile_order -fileset sources_1
import_files -norecurse {{D:/Users/Francesco Corso/Documents/School/CMPEN270Final/minimux.vhd}}
update_compile_order -fileset sources_1
import_files -norecurse {{D:/Users/Francesco Corso/Documents/School/CMPEN270Final/bigmux.vhd}}
update_compile_order -fileset sources_1
import_files -norecurse {{D:/Users/Francesco Corso/Documents/School/CMPEN270Final/biggermux.vhd}}
update_compile_order -fileset sources_1
add_files -norecurse {{D:/Users/Francesco Corso/Documents/School/CMPEN270Final/MorseCode.srcs/sources_1/imports/Downloads/MACHOMUX.vhd}}
update_compile_order -fileset sources_1
update_compile_order -fileset sources_1
update_compile_order -fileset sources_1
update_compile_order -fileset sources_1
synth_design -rtl -name rtl_1
export_ip_user_files -of_objects  [get_files {{D:/Users/Francesco Corso/Documents/School/CMPEN270Final/MorseCode.srcs/sources_1/imports/CMPEN270Final/decrementer.vhd}}] -no_script -reset -force -quiet
remove_files  {{D:/Users/Francesco Corso/Documents/School/CMPEN270Final/MorseCode.srcs/sources_1/imports/CMPEN270Final/decrementer.vhd}}
synth_design -rtl -name rtl_1
reset_run synth_1
launch_runs impl_1 -to_step write_bitstream -jobs 12
wait_on_run impl_1
open_hw
connect_hw_server
disconnect_hw_server localhost:3121
connect_hw_server
open_hw_target
set_property PROGRAM.FILE {D:/Users/Francesco Corso/Documents/School/CMPEN270Final/MorseCode.runs/impl_1/toplevel.bit} [get_hw_devices xc7a35t_0]
current_hw_device [get_hw_devices xc7a35t_0]
refresh_hw_device -update_hw_probes false [lindex [get_hw_devices xc7a35t_0] 0]
set_property PROBES.FILE {} [get_hw_devices xc7a35t_0]
set_property FULL_PROBES.FILE {} [get_hw_devices xc7a35t_0]
set_property PROGRAM.FILE {D:/Users/Francesco Corso/Documents/School/CMPEN270Final/MorseCode.runs/impl_1/toplevel.bit} [get_hw_devices xc7a35t_0]
program_hw_devices [get_hw_devices xc7a35t_0]
refresh_hw_device [lindex [get_hw_devices xc7a35t_0] 0]
